// Jest Snapshot v1, https://goo.gl/fbAQLP

exports[`Header.vue Matches snapshot 1`] = `
<header
  class="page-header"
  role="banner"
>
  <div
    class="page-header__inner"
  >
    <div
      class="page-header__block page-header__block--heading"
    >
      <h1
        class="page-header__logo"
      >
        <router-link-stub
          class="page-header__home"
          event="click"
          tag="a"
          to="/"
        >
          <span
            class="page-header__decor"
          >
            Movie
          </span>
          searcher
        
        </router-link-stub>
      </h1>
       
      <button
        aria-label="Open navigation menu"
        class="page-header__toggler page-header__toggler--closed"
      >
        <span />
        <span />
        <span />
      </button>
    </div>
     
    <div
      class="page-header__block page-header__block--search"
    >
      <div
        class="page-header__wrapper"
      >
        <input
          class="page-header__input"
          placeholder="Search a movie..."
          title="Search a movie"
          type="text"
        />
         
        <svg
          class="page-header__icon page-header__icon--absolute"
          height="17"
          width="17"
        >
          <use
            xlink:href="#icon-magnifier"
          />
        </svg>
      </div>
       
      <div
        class="page-header__buttons"
      >
        <button
          class="page-header__button"
          title="Row view"
        >
          <svg
            class="page-header__icon"
            height="13"
            width="17"
          >
            <use
              xlink:href="#icon-details"
            />
          </svg>
          
          Row view
        
        </button>
         
        <button
          class="page-header__button"
          title="Grid view"
        >
          <svg
            class="page-header__icon"
            height="13"
            width="17"
          >
            <use
              xlink:href="#icon-grid"
            />
          </svg>
          
          Grid view
        
        </button>
      </div>
    </div>
     
    <div
      class="page-header__block page-header__block--user"
    >
      <div
        class="page-header__account"
      >
        <a
          class="page-header__btn btn"
          href="https://www.themoviedb.org/authenticate/undefined?redirect_to=http://localhost:8080/"
        >
          Log in
        </a>
      </div>
    </div>
  </div>
</header>
`;
